// Jest Snapshot v1, https://goo.gl/fbAQLP

exports[`<AddTask /> should render the AddTask component 1`] = `
.c0 {
  display: flex;
  justify-content: space-between;
  flex-direction: column;
  width: 100%;
  align-items: flex-start;
  gap: 0.5rem;
}

.c0 >label {
  font-size: 1.6rem;
}

.c1 {
  display: flex;
  align-items: center;
  gap: 1rem;
  width: 100%;
}

.c1 >input {
  border: 1px solid #383838;
}

.c2 {
  width: 100%;
  height: 42px;
  padding: 0 1rem;
  background-color: #fff;
  outline: none;
  border: none;
  font-size: 1.6rem;
  border-radius: 5px;
}

.c3 {
  background-color: #0c2e73;
  color: #ffffff;
  border: none;
  border-radius: 0.5rem;
  padding: 1rem;
  max-height: 4.2rem;
  height: 100%;
  cursor: pointer;
  font-size: 1.6rem;
}

<form
  class="c0"
>
  <label
    for="taskDescription"
  >
    Adicionar tarefa:
  </label>
  <div
    class="c1"
  >
    <input
      class="c2"
      data-testid="taskDescription"
      id="taskDescription"
      name="taskDescription"
      type="text"
    />
    <button
      class="c3"
      color="darkBlue"
      type="submit"
    >
      Adicionar
    </button>
  </div>
</form>
`;
