// Jest Snapshot v1, https://goo.gl/fbAQLP

exports[`<EditTask /> should render the EditTask component 1`] = `
.c0 {
  display: flex;
  flex-direction: column;
  align-items: flex-start;
}

.c1 {
  display: flex;
  align-items: center;
  gap: 1rem;
}

.c1 >input {
  border: 1px solid #383838;
}

.c2 {
  width: 100%;
  height: 42px;
  padding: 0 1rem;
  background-color: #fff;
  outline: none;
  border: 1px solid #383838;
  font-size: 1.6rem;
  border-radius: 5px;
}

.c3 {
  background-color: #3AC922;
  color: #ffffff;
  border: none;
  border-radius: 0.5rem;
  padding: 1rem;
  max-height: 4.2rem;
  height: 100%;
  cursor: pointer;
  font-size: 1.6rem;
}

<form
  action=""
  class="c0"
  data-testid="editTaskComponent_id"
>
  <div
    class="c1"
  >
    <input
      class="c2"
      data-testid="editTaskField_id"
      name="editTaskField"
    />
    <button
      class="c3"
      color="green"
      data-testid="editTaskButton_id"
      type="submit"
    >
      Salvar
    </button>
  </div>
</form>
`;
