// Jest Snapshot v1, https://goo.gl/fbAQLP

exports[`<Input /> should renders with default values 1`] = `
.c0 {
  width: 100%;
  height: 42px;
  padding: 0 1rem;
  background-color: #fff;
  outline: none;
  border: none;
  font-size: 1.6rem;
  border-radius: 5px;
}

<input
  class="c0"
  id="test"
  name="test"
/>
`;
