// Jest Snapshot v1, https://goo.gl/fbAQLP

exports[`<TaskList /> should correctly render the component 1`] = `
.c2 {
  background-color: transparent;
  color: #0c2e73;
  border: none;
  border-radius: 0.5rem;
  padding: 1rem;
  max-height: 4.2rem;
  height: 100%;
  cursor: pointer;
  font-size: 1.6rem;
}

.c0 {
  width: 100%;
}

.c1 {
  max-width: 70%;
  height: auto;
  display: flex;
  align-items: center;
  gap: 1rem;
}

.c1 >span {
  font-size: 1.6rem;
}

@media (max-width: 700px) {
  .c1 {
    max-width: 100%;
  }
}

<div
  class="c0"
>
  <div
    class="c1"
  >
    <span>
      Filtrar por: 
    </span>
    <button
      class="c2"
      color="transparent"
      data-testid="BtnFilterByAll"
    >
      Todas
    </button>
    <button
      class="c2"
      color="transparent"
      data-testid="BtnFilterByStatus"
    >
      Concluidas
    </button>
    <button
      class="c2"
      color="transparent"
      data-testid="BtnFilterCreatedDate"
    >
      Data de criação
    </button>
  </div>
  <p>
    Nenhuma tarefa encontrada
  </p>
</div>
`;
